
    ディレクトリ: C:\visual studio code\課題\kadai_004


Mode                 LastWriteTime         Length Name                                                                                                                                       
----                 -------------         ------ ----                                                                                                                                       
d-----        2023/10/31      9:48                git_challenge                                                                                                                              


PS C:\visual studio code\課題\kadai_004> cd git_challenge
PS C:\visual studio code\課題\kadai_004\git_challenge> git init


    ディレクトリ: C:\visual studio code\課題\kadai_004\git_challenge
Mode                 LastWriteTime         Length Name
d-----        2023/10/31      9:50                hello_world.txt

PS C:\visual studio code\課題\kadai_004\git_challenge> git add hello_world.txt
PS C:\visual studio code\課題\kadai_004\git_challenge> git commit -m hello_world.txtを追加
[main (root-commit) 023842a] hello_world.txtを追加
 1 file changed, 0 insertions(+), 0 deletions(-)
 create mode 100644 hello_world.txt
PS C:\visual studio code\課題\kadai_004\git_challenge> git add hello_world.txt
PS C:\visual studio code\課題\kadai_004\git_challenge> git commit -m
error: switch `m' requires a value
PS C:\visual studio code\課題\kadai_004\git_challenge> git commit -m 日本語訳を追記
[main b24df0e] 日本語訳を追記
 1 file changed, 1 insertion(+)
PS C:\visual studio code\課題\kadai_004\git_challenge> git log --oneline
b24df0e (HEAD -> main) 日本語訳を追記
023842a hello_world.txtを追加
PS C:\visual studio code\課題\kadai_004\git_challenge>